{
  "method": "GET",
  "url": "https://postman-echo.com/get?fist={{first}}"
}
