{
  "_postman_id": "9e448d04-23ba-4fd8-89b8-e94e23569519",
  "name": "Sample",
  "description": "Simple sample collection",
  "schema": "https://schema.getpostman.com/json/collection/v2.1.0/collection.json"
}
